[25-Oct-2025 15:45:47 Asia/Kolkata] PHP Warning:  Undefined array key "HTTP_HOST" in C:\Users\jeyakrishna\Documents\php-sweetshop-kvp\php-backend\config\config_production.php on line 82
[25-Oct-2025 15:45:47 Asia/Kolkata] PHP Warning:  Undefined array key "REQUEST_URI" in C:\Users\jeyakrishna\Documents\php-sweetshop-kvp\php-backend\config\config_production.php on line 82
[25-Oct-2025 15:45:55 Asia/Kolkata] PHP Warning:  Undefined array key "HTTP_HOST" in C:\Users\jeyakrishna\Documents\php-sweetshop-kvp\php-backend\config\config_production.php on line 82
[25-Oct-2025 15:45:55 Asia/Kolkata] PHP Warning:  Undefined array key "REQUEST_URI" in C:\Users\jeyakrishna\Documents\php-sweetshop-kvp\php-backend\config\config_production.php on line 82
[26-Oct-2025 09:55:30 Asia/Kolkata] PHP Warning:  Undefined array key "HTTP_HOST" in C:\Users\jeyakrishna\Documents\php-sweetshop-kvp\hostinger_upload\backend\config\config.php on line 82
[26-Oct-2025 09:55:30 Asia/Kolkata] PHP Warning:  Undefined array key "REQUEST_URI" in C:\Users\jeyakrishna\Documents\php-sweetshop-kvp\hostinger_upload\backend\config\config.php on line 82
[26-Oct-2025 09:55:35 Asia/Kolkata] PHP Warning:  Undefined array key "HTTP_HOST" in C:\Users\jeyakrishna\Documents\php-sweetshop-kvp\hostinger_upload\backend\config\config.php on line 82
[26-Oct-2025 09:55:35 Asia/Kolkata] PHP Warning:  Undefined array key "REQUEST_URI" in C:\Users\jeyakrishna\Documents\php-sweetshop-kvp\hostinger_upload\backend\config\config.php on line 82
[26-Oct-2025 09:57:06 Asia/Kolkata] PHP Warning:  Undefined array key "HTTP_HOST" in C:\Users\jeyakrishna\Documents\php-sweetshop-kvp\hostinger_upload\backend\config\config.php on line 82
[26-Oct-2025 09:57:06 Asia/Kolkata] PHP Warning:  Undefined array key "REQUEST_URI" in C:\Users\jeyakrishna\Documents\php-sweetshop-kvp\hostinger_upload\backend\config\config.php on line 82
[26-Oct-2025 12:40:31 Asia/Kolkata] PHP Warning:  Undefined array key "HTTP_HOST" in C:\Users\jeyakrishna\Documents\php-sweetshop-kvp\hostinger_upload\backend\config\config.php on line 82
[26-Oct-2025 12:40:31 Asia/Kolkata] PHP Warning:  Undefined array key "REQUEST_URI" in C:\Users\jeyakrishna\Documents\php-sweetshop-kvp\hostinger_upload\backend\config\config.php on line 82
[26-Oct-2025 12:40:36 Asia/Kolkata] PHP Warning:  Undefined array key "HTTP_HOST" in C:\Users\jeyakrishna\Documents\php-sweetshop-kvp\hostinger_upload\backend\config\config.php on line 82
[26-Oct-2025 12:40:36 Asia/Kolkata] PHP Warning:  Undefined array key "REQUEST_URI" in C:\Users\jeyakrishna\Documents\php-sweetshop-kvp\hostinger_upload\backend\config\config.php on line 82
[26-Oct-2025 12:42:31 Asia/Kolkata] PHP Warning:  Undefined array key "HTTP_HOST" in C:\Users\jeyakrishna\Documents\php-sweetshop-kvp\hostinger_upload\backend\config\config.php on line 82
[26-Oct-2025 12:42:31 Asia/Kolkata] PHP Warning:  Undefined array key "REQUEST_URI" in C:\Users\jeyakrishna\Documents\php-sweetshop-kvp\hostinger_upload\backend\config\config.php on line 82
[26-Oct-2025 12:42:36 Asia/Kolkata] PHP Warning:  Undefined array key "HTTP_HOST" in C:\Users\jeyakrishna\Documents\php-sweetshop-kvp\hostinger_upload\backend\config\config.php on line 82
[26-Oct-2025 12:42:36 Asia/Kolkata] PHP Warning:  Undefined array key "REQUEST_URI" in C:\Users\jeyakrishna\Documents\php-sweetshop-kvp\hostinger_upload\backend\config\config.php on line 82
[26-Oct-2025 12:42:49 Asia/Kolkata] PHP Warning:  Undefined array key "HTTP_HOST" in C:\Users\jeyakrishna\Documents\php-sweetshop-kvp\hostinger_upload\backend\config\config.php on line 82
[26-Oct-2025 12:42:49 Asia/Kolkata] PHP Warning:  Undefined array key "REQUEST_URI" in C:\Users\jeyakrishna\Documents\php-sweetshop-kvp\hostinger_upload\backend\config\config.php on line 82
[26-Oct-2025 12:42:54 Asia/Kolkata] PHP Warning:  Undefined array key "HTTP_HOST" in C:\Users\jeyakrishna\Documents\php-sweetshop-kvp\hostinger_upload\backend\config\config.php on line 82
[26-Oct-2025 12:42:54 Asia/Kolkata] PHP Warning:  Undefined array key "REQUEST_URI" in C:\Users\jeyakrishna\Documents\php-sweetshop-kvp\hostinger_upload\backend\config\config.php on line 82
[26-Oct-2025 18:28:54 Asia/Kolkata] PHP Warning:  Undefined array key "HTTP_HOST" in C:\Users\jeyakrishna\Documents\php-sweetshop-kvp\hostinger_upload\backend\config\config.php on line 82
[26-Oct-2025 18:28:54 Asia/Kolkata] PHP Warning:  Undefined array key "REQUEST_URI" in C:\Users\jeyakrishna\Documents\php-sweetshop-kvp\hostinger_upload\backend\config\config.php on line 82
[26-Oct-2025 18:28:58 Asia/Kolkata] PHP Warning:  Undefined array key "HTTP_HOST" in C:\Users\jeyakrishna\Documents\php-sweetshop-kvp\hostinger_upload\backend\config\config.php on line 82
[26-Oct-2025 18:28:58 Asia/Kolkata] PHP Warning:  Undefined array key "REQUEST_URI" in C:\Users\jeyakrishna\Documents\php-sweetshop-kvp\hostinger_upload\backend\config\config.php on line 82
[26-Oct-2025 18:37:52 Asia/Kolkata] PHP Warning:  ini_set(): Session ini settings cannot be changed after headers have already been sent in C:\Users\jeyakrishna\Documents\php-sweetshop-kvp\hostinger_upload\backend\config\config.php on line 64
[26-Oct-2025 18:37:52 Asia/Kolkata] PHP Warning:  ini_set(): Session ini settings cannot be changed after headers have already been sent in C:\Users\jeyakrishna\Documents\php-sweetshop-kvp\hostinger_upload\backend\config\config.php on line 65
[26-Oct-2025 18:37:52 Asia/Kolkata] PHP Warning:  ini_set(): Session ini settings cannot be changed after headers have already been sent in C:\Users\jeyakrishna\Documents\php-sweetshop-kvp\hostinger_upload\backend\config\config.php on line 66
[26-Oct-2025 18:37:52 Asia/Kolkata] PHP Warning:  ini_set(): Session ini settings cannot be changed after headers have already been sent in C:\Users\jeyakrishna\Documents\php-sweetshop-kvp\hostinger_upload\backend\config\config.php on line 67
[26-Oct-2025 18:37:52 Asia/Kolkata] PHP Warning:  Undefined array key "HTTP_HOST" in C:\Users\jeyakrishna\Documents\php-sweetshop-kvp\hostinger_upload\backend\config\config.php on line 82
[26-Oct-2025 18:37:52 Asia/Kolkata] PHP Warning:  Undefined array key "REQUEST_URI" in C:\Users\jeyakrishna\Documents\php-sweetshop-kvp\hostinger_upload\backend\config\config.php on line 82
[26-Oct-2025 18:37:52 Asia/Kolkata] PHP Warning:  Cannot modify header information - headers already sent by (output started at C:\Users\jeyakrishna\Documents\php-sweetshop-kvp\hostinger_upload\ANALYZE_EMAIL_OTP_ISSUES.php:7) in C:\Users\jeyakrishna\Documents\php-sweetshop-kvp\hostinger_upload\backend\config\config.php on line 83
[26-Oct-2025 18:38:10 Asia/Kolkata] PHP Warning:  Undefined array key "HTTP_HOST" in C:\Users\jeyakrishna\Documents\php-sweetshop-kvp\hostinger_upload\backend\config\config.php on line 82
[26-Oct-2025 18:38:10 Asia/Kolkata] PHP Warning:  Undefined array key "REQUEST_URI" in C:\Users\jeyakrishna\Documents\php-sweetshop-kvp\hostinger_upload\backend\config\config.php on line 82
[26-Oct-2025 18:38:16 Asia/Kolkata] PHP Warning:  Undefined array key "HTTP_HOST" in C:\Users\jeyakrishna\Documents\php-sweetshop-kvp\hostinger_upload\backend\config\config.php on line 82
[26-Oct-2025 18:38:16 Asia/Kolkata] PHP Warning:  Undefined array key "REQUEST_URI" in C:\Users\jeyakrishna\Documents\php-sweetshop-kvp\hostinger_upload\backend\config\config.php on line 82
[26-Oct-2025 18:47:21 Asia/Kolkata] PHP Warning:  Undefined array key "HTTP_HOST" in C:\Users\jeyakrishna\Documents\php-sweetshop-kvp\hostinger_upload\backend\config\config.php on line 82
[26-Oct-2025 18:47:21 Asia/Kolkata] PHP Warning:  Undefined array key "REQUEST_URI" in C:\Users\jeyakrishna\Documents\php-sweetshop-kvp\hostinger_upload\backend\config\config.php on line 82
[26-Oct-2025 18:47:25 Asia/Kolkata] PHP Warning:  Undefined array key "HTTP_HOST" in C:\Users\jeyakrishna\Documents\php-sweetshop-kvp\hostinger_upload\backend\config\config.php on line 82
[26-Oct-2025 18:47:25 Asia/Kolkata] PHP Warning:  Undefined array key "REQUEST_URI" in C:\Users\jeyakrishna\Documents\php-sweetshop-kvp\hostinger_upload\backend\config\config.php on line 82
[26-Oct-2025 18:59:05 Asia/Kolkata] PHP Warning:  ini_set(): Session ini settings cannot be changed after headers have already been sent in C:\Users\jeyakrishna\Documents\php-sweetshop-kvp\hostinger_upload\backend\config\config.php on line 64
[26-Oct-2025 18:59:05 Asia/Kolkata] PHP Warning:  ini_set(): Session ini settings cannot be changed after headers have already been sent in C:\Users\jeyakrishna\Documents\php-sweetshop-kvp\hostinger_upload\backend\config\config.php on line 65
[26-Oct-2025 18:59:05 Asia/Kolkata] PHP Warning:  ini_set(): Session ini settings cannot be changed after headers have already been sent in C:\Users\jeyakrishna\Documents\php-sweetshop-kvp\hostinger_upload\backend\config\config.php on line 66
[26-Oct-2025 18:59:05 Asia/Kolkata] PHP Warning:  ini_set(): Session ini settings cannot be changed after headers have already been sent in C:\Users\jeyakrishna\Documents\php-sweetshop-kvp\hostinger_upload\backend\config\config.php on line 67
[26-Oct-2025 18:59:05 Asia/Kolkata] PHP Warning:  Undefined array key "HTTP_HOST" in C:\Users\jeyakrishna\Documents\php-sweetshop-kvp\hostinger_upload\backend\config\config.php on line 82
[26-Oct-2025 18:59:05 Asia/Kolkata] PHP Warning:  Cannot modify header information - headers already sent by (output started at C:\Users\jeyakrishna\Documents\php-sweetshop-kvp\hostinger_upload\DEBUG_ADMIN_USERS.php:7) in C:\Users\jeyakrishna\Documents\php-sweetshop-kvp\hostinger_upload\backend\config\config.php on line 83
[26-Oct-2025 18:59:15 Asia/Kolkata] PHP Warning:  ini_set(): Session ini settings cannot be changed after headers have already been sent in C:\Users\jeyakrishna\Documents\php-sweetshop-kvp\hostinger_upload\backend\config\config.php on line 64
[26-Oct-2025 18:59:15 Asia/Kolkata] PHP Warning:  ini_set(): Session ini settings cannot be changed after headers have already been sent in C:\Users\jeyakrishna\Documents\php-sweetshop-kvp\hostinger_upload\backend\config\config.php on line 65
[26-Oct-2025 18:59:15 Asia/Kolkata] PHP Warning:  ini_set(): Session ini settings cannot be changed after headers have already been sent in C:\Users\jeyakrishna\Documents\php-sweetshop-kvp\hostinger_upload\backend\config\config.php on line 66
[26-Oct-2025 18:59:15 Asia/Kolkata] PHP Warning:  ini_set(): Session ini settings cannot be changed after headers have already been sent in C:\Users\jeyakrishna\Documents\php-sweetshop-kvp\hostinger_upload\backend\config\config.php on line 67
[26-Oct-2025 18:59:15 Asia/Kolkata] PHP Warning:  Undefined array key "HTTP_HOST" in C:\Users\jeyakrishna\Documents\php-sweetshop-kvp\hostinger_upload\backend\config\config.php on line 82
[26-Oct-2025 18:59:15 Asia/Kolkata] PHP Warning:  Cannot modify header information - headers already sent by (output started at C:\Users\jeyakrishna\Documents\php-sweetshop-kvp\hostinger_upload\DEBUG_ADMIN_USERS.php:7) in C:\Users\jeyakrishna\Documents\php-sweetshop-kvp\hostinger_upload\backend\config\config.php on line 83
[26-Oct-2025 18:59:32 Asia/Kolkata] PHP Warning:  ini_set(): Session ini settings cannot be changed after headers have already been sent in C:\Users\jeyakrishna\Documents\php-sweetshop-kvp\hostinger_upload\backend\config\config.php on line 64
[26-Oct-2025 18:59:32 Asia/Kolkata] PHP Warning:  ini_set(): Session ini settings cannot be changed after headers have already been sent in C:\Users\jeyakrishna\Documents\php-sweetshop-kvp\hostinger_upload\backend\config\config.php on line 65
[26-Oct-2025 18:59:32 Asia/Kolkata] PHP Warning:  ini_set(): Session ini settings cannot be changed after headers have already been sent in C:\Users\jeyakrishna\Documents\php-sweetshop-kvp\hostinger_upload\backend\config\config.php on line 66
[26-Oct-2025 18:59:32 Asia/Kolkata] PHP Warning:  ini_set(): Session ini settings cannot be changed after headers have already been sent in C:\Users\jeyakrishna\Documents\php-sweetshop-kvp\hostinger_upload\backend\config\config.php on line 67
[26-Oct-2025 18:59:32 Asia/Kolkata] PHP Warning:  Undefined array key "HTTP_HOST" in C:\Users\jeyakrishna\Documents\php-sweetshop-kvp\hostinger_upload\backend\config\config.php on line 82
[26-Oct-2025 18:59:32 Asia/Kolkata] PHP Warning:  Undefined array key "REQUEST_URI" in C:\Users\jeyakrishna\Documents\php-sweetshop-kvp\hostinger_upload\backend\config\config.php on line 82
[26-Oct-2025 18:59:32 Asia/Kolkata] PHP Warning:  Cannot modify header information - headers already sent by (output started at C:\Users\jeyakrishna\Documents\php-sweetshop-kvp\hostinger_upload\SIMPLE_USER_CHECK.php:2) in C:\Users\jeyakrishna\Documents\php-sweetshop-kvp\hostinger_upload\backend\config\config.php on line 83
[26-Oct-2025 23:32:48 Asia/Kolkata] PHP Warning:  Undefined array key "HTTP_HOST" in C:\Users\jeyakrishna\Documents\php-sweetshop-kvp\hostinger_upload\backend\config\config.php on line 82
[26-Oct-2025 23:32:49 Asia/Kolkata] PHP Warning:  Undefined array key "REQUEST_URI" in C:\Users\jeyakrishna\Documents\php-sweetshop-kvp\hostinger_upload\backend\config\config.php on line 82
[26-Oct-2025 23:33:12 Asia/Kolkata] PHP Warning:  Undefined array key "HTTP_HOST" in C:\Users\jeyakrishna\Documents\php-sweetshop-kvp\hostinger_upload\backend\config\config.php on line 82
[26-Oct-2025 23:33:12 Asia/Kolkata] PHP Warning:  Undefined array key "REQUEST_URI" in C:\Users\jeyakrishna\Documents\php-sweetshop-kvp\hostinger_upload\backend\config\config.php on line 82
